Info: Starting: Create block symbol file (.bsf)
Info: ip-generate --project-directory=C:/Users/mbenka1/Documents/APP5/TP_codesigne/codesign_fpga/CUTECAR/ --output-directory=C:/Users/mbenka1/Documents/APP5/TP_codesigne/codesign_fpga/CUTECAR/Nios_CUTECAR/ --report-file=bsf:C:/Users/mbenka1/Documents/APP5/TP_codesigne/codesign_fpga/CUTECAR/Nios_CUTECAR.bsf --system-info=DEVICE_FAMILY="Cyclone IV E" --system-info=DEVICE=EP4CE22F17C6 --system-info=DEVICE_SPEEDGRADE=6 --component-file=C:/Users/mbenka1/Documents/APP5/TP_codesigne/codesign_fpga/CUTECAR/Nios_CUTECAR.qsys
Progress: Loading CUTECAR/Nios_CUTECAR.qsys
Progress: Reading input file
Progress: Adding clk_0 [clock_source 13.0]
Progress: Parameterizing module clk_0
Progress: Adding nios2_qsys_0 [altera_nios2_qsys 13.0]
Progress: Parameterizing module nios2_qsys_0
Progress: Adding onchip_memory [altera_avalon_onchip_memory2 13.0.1.99.2]
Progress: Parameterizing module onchip_memory
Progress: Adding switches [altera_avalon_pio 13.0.1.99.2]
Progress: Parameterizing module switches
Progress: Adding LEDs [altera_avalon_pio 13.0.1.99.2]
Progress: Parameterizing module LEDs
Progress: Adding jtag_uart [altera_avalon_jtag_uart 13.0.1.99.2]
Progress: Parameterizing module jtag_uart
Progress: Adding sdram [altera_avalon_new_sdram_controller 13.0.1.99.2]
Progress: Parameterizing module sdram
Progress: Adding clocks [altera_up_clocks 13.0]
Progress: Parameterizing module clocks
Progress: Adding pos_data0r [altera_avalon_pio 13.0.1.99.2]
Progress: Parameterizing module pos_data0r
Progress: Adding pos_data1r [altera_avalon_pio 13.0.1.99.2]
Progress: Parameterizing module pos_data1r
Progress: Adding pos_data2r [altera_avalon_pio 13.0.1.99.2]
Progress: Parameterizing module pos_data2r
Progress: Adding pos_data4r [altera_avalon_pio 13.0.1.99.2]
Progress: Parameterizing module pos_data4r
Progress: Adding pos_data5r [altera_avalon_pio 13.0.1.99.2]
Progress: Parameterizing module pos_data5r
Progress: Adding pos_data6r [altera_avalon_pio 13.0.1.99.2]
Progress: Parameterizing module pos_data6r
Progress: Adding pos_data3r [altera_avalon_pio 13.0.1.99.2]
Progress: Parameterizing module pos_data3r
Progress: Adding sel_i [altera_avalon_pio 13.0.1.99.2]
Progress: Parameterizing module sel_i
Progress: Adding sel_j [altera_avalon_pio 13.0.1.99.2]
Progress: Parameterizing module sel_j
Progress: Adding op_sel [altera_avalon_pio 13.0.1.99.2]
Progress: Parameterizing module op_sel
Progress: Adding result_r [altera_avalon_pio 13.0.1.99.2]
Progress: Parameterizing module result_r
Progress: Adding valid_and_overflow [altera_avalon_pio 13.0.1.99.2]
Progress: Parameterizing module valid_and_overflow
Progress: Building connections
Progress: Parameterizing connections
Progress: Validating
Progress: Done reading input file
Info: Nios_CUTECAR.switches: PIO inputs are not hardwired in test bench. Undefined values will be read from PIO inputs during simulation.
Info: Nios_CUTECAR.pos_data0r: PIO inputs are not hardwired in test bench. Undefined values will be read from PIO inputs during simulation.
Info: Nios_CUTECAR.pos_data1r: PIO inputs are not hardwired in test bench. Undefined values will be read from PIO inputs during simulation.
Info: Nios_CUTECAR.pos_data2r: PIO inputs are not hardwired in test bench. Undefined values will be read from PIO inputs during simulation.
Info: Nios_CUTECAR.pos_data4r: PIO inputs are not hardwired in test bench. Undefined values will be read from PIO inputs during simulation.
Info: Nios_CUTECAR.pos_data5r: PIO inputs are not hardwired in test bench. Undefined values will be read from PIO inputs during simulation.
Info: Nios_CUTECAR.pos_data6r: PIO inputs are not hardwired in test bench. Undefined values will be read from PIO inputs during simulation.
Info: Nios_CUTECAR.pos_data3r: PIO inputs are not hardwired in test bench. Undefined values will be read from PIO inputs during simulation.
Info: Nios_CUTECAR.result_r: PIO inputs are not hardwired in test bench. Undefined values will be read from PIO inputs during simulation.
Info: Nios_CUTECAR.valid_and_overflow: PIO inputs are not hardwired in test bench. Undefined values will be read from PIO inputs during simulation.
Info: ip-generate succeeded.
Info: Finished: Create block symbol file (.bsf)
Info: 
Info: Starting: Create HDL design files for synthesis
Info: ip-generate --project-directory=C:/Users/mbenka1/Documents/APP5/TP_codesigne/codesign_fpga/CUTECAR/ --output-directory=C:/Users/mbenka1/Documents/APP5/TP_codesigne/codesign_fpga/CUTECAR/Nios_CUTECAR/synthesis/ --file-set=QUARTUS_SYNTH --report-file=sopcinfo:C:/Users/mbenka1/Documents/APP5/TP_codesigne/codesign_fpga/CUTECAR/Nios_CUTECAR.sopcinfo --report-file=html:C:/Users/mbenka1/Documents/APP5/TP_codesigne/codesign_fpga/CUTECAR/Nios_CUTECAR.html --report-file=qip:C:/Users/mbenka1/Documents/APP5/TP_codesigne/codesign_fpga/CUTECAR/Nios_CUTECAR/synthesis/Nios_CUTECAR.qip --report-file=cmp:C:/Users/mbenka1/Documents/APP5/TP_codesigne/codesign_fpga/CUTECAR/Nios_CUTECAR.cmp --report-file=svd --system-info=DEVICE_FAMILY="Cyclone IV E" --system-info=DEVICE=EP4CE22F17C6 --system-info=DEVICE_SPEEDGRADE=6 --component-file=C:/Users/mbenka1/Documents/APP5/TP_codesigne/codesign_fpga/CUTECAR/Nios_CUTECAR.qsys --language=VHDL
Progress: Loading CUTECAR/Nios_CUTECAR.qsys
Progress: Reading input file
Progress: Adding clk_0 [clock_source 13.0]
Progress: Parameterizing module clk_0
Progress: Adding nios2_qsys_0 [altera_nios2_qsys 13.0]
Progress: Parameterizing module nios2_qsys_0
Progress: Adding onchip_memory [altera_avalon_onchip_memory2 13.0.1.99.2]
Progress: Parameterizing module onchip_memory
Progress: Adding switches [altera_avalon_pio 13.0.1.99.2]
Progress: Parameterizing module switches
Progress: Adding LEDs [altera_avalon_pio 13.0.1.99.2]
Progress: Parameterizing module LEDs
Progress: Adding jtag_uart [altera_avalon_jtag_uart 13.0.1.99.2]
Progress: Parameterizing module jtag_uart
Progress: Adding sdram [altera_avalon_new_sdram_controller 13.0.1.99.2]
Progress: Parameterizing module sdram
Progress: Adding clocks [altera_up_clocks 13.0]
Progress: Parameterizing module clocks
Progress: Adding pos_data0r [altera_avalon_pio 13.0.1.99.2]
Progress: Parameterizing module pos_data0r
Progress: Adding pos_data1r [altera_avalon_pio 13.0.1.99.2]
Progress: Parameterizing module pos_data1r
Progress: Adding pos_data2r [altera_avalon_pio 13.0.1.99.2]
Progress: Parameterizing module pos_data2r
Progress: Adding pos_data4r [altera_avalon_pio 13.0.1.99.2]
Progress: Parameterizing module pos_data4r
Progress: Adding pos_data5r [altera_avalon_pio 13.0.1.99.2]
Progress: Parameterizing module pos_data5r
Progress: Adding pos_data6r [altera_avalon_pio 13.0.1.99.2]
Progress: Parameterizing module pos_data6r
Progress: Adding pos_data3r [altera_avalon_pio 13.0.1.99.2]
Progress: Parameterizing module pos_data3r
Progress: Adding sel_i [altera_avalon_pio 13.0.1.99.2]
Progress: Parameterizing module sel_i
Progress: Adding sel_j [altera_avalon_pio 13.0.1.99.2]
Progress: Parameterizing module sel_j
Progress: Adding op_sel [altera_avalon_pio 13.0.1.99.2]
Progress: Parameterizing module op_sel
Progress: Adding result_r [altera_avalon_pio 13.0.1.99.2]
Progress: Parameterizing module result_r
Progress: Adding valid_and_overflow [altera_avalon_pio 13.0.1.99.2]
Progress: Parameterizing module valid_and_overflow
Progress: Building connections
Progress: Parameterizing connections
Progress: Validating
Progress: Done reading input file
Info: Nios_CUTECAR.switches: PIO inputs are not hardwired in test bench. Undefined values will be read from PIO inputs during simulation.
Info: Nios_CUTECAR.pos_data0r: PIO inputs are not hardwired in test bench. Undefined values will be read from PIO inputs during simulation.
Info: Nios_CUTECAR.pos_data1r: PIO inputs are not hardwired in test bench. Undefined values will be read from PIO inputs during simulation.
Info: Nios_CUTECAR.pos_data2r: PIO inputs are not hardwired in test bench. Undefined values will be read from PIO inputs during simulation.
Info: Nios_CUTECAR.pos_data4r: PIO inputs are not hardwired in test bench. Undefined values will be read from PIO inputs during simulation.
Info: Nios_CUTECAR.pos_data5r: PIO inputs are not hardwired in test bench. Undefined values will be read from PIO inputs during simulation.
Info: Nios_CUTECAR.pos_data6r: PIO inputs are not hardwired in test bench. Undefined values will be read from PIO inputs during simulation.
Info: Nios_CUTECAR.pos_data3r: PIO inputs are not hardwired in test bench. Undefined values will be read from PIO inputs during simulation.
Info: Nios_CUTECAR.result_r: PIO inputs are not hardwired in test bench. Undefined values will be read from PIO inputs during simulation.
Info: Nios_CUTECAR.valid_and_overflow: PIO inputs are not hardwired in test bench. Undefined values will be read from PIO inputs during simulation.
Info: Nios_CUTECAR: Generating Nios_CUTECAR "Nios_CUTECAR" for QUARTUS_SYNTH
Info: pipeline_bridge_swap_transform: After transform: 20 modules, 78 connections
Info: No custom instruction connections, skipping transform 
Info: merlin_translator_transform: After transform: 40 modules, 157 connections
Info: merlin_domain_transform: After transform: 80 modules, 425 connections
Info: merlin_router_transform: After transform: 100 modules, 504 connections
Info: merlin_burst_transform: After transform: 101 modules, 508 connections
Info: reset_adaptation_transform: After transform: 104 modules, 403 connections
Info: merlin_network_to_switch_transform: After transform: 143 modules, 485 connections
Info: merlin_width_transform: After transform: 145 modules, 491 connections
Info: merlin_mm_transform: After transform: 145 modules, 491 connections
Info: merlin_interrupt_mapper_transform: After transform: 146 modules, 494 connections
Warning: Nios_CUTECAR: "No matching role found for rst_controller:reset_out:reset_req (reset_req)"
Warning: Nios_CUTECAR: "No matching role found for rst_controller:reset_out:reset_req (reset_req)"
Warning: Nios_CUTECAR: "No matching role found for rst_controller:reset_out:reset_req (reset_req)"
Warning: Nios_CUTECAR: "No matching role found for rst_controller:reset_out:reset_req (reset_req)"
Warning: Nios_CUTECAR: "No matching role found for rst_controller:reset_out:reset_req (reset_req)"
Warning: Nios_CUTECAR: "No matching role found for rst_controller:reset_out:reset_req (reset_req)"
Warning: Nios_CUTECAR: "No matching role found for rst_controller:reset_out:reset_req (reset_req)"
Warning: Nios_CUTECAR: "No matching role found for rst_controller:reset_out:reset_req (reset_req)"
Warning: Nios_CUTECAR: "No matching role found for rst_controller:reset_out:reset_req (reset_req)"
Warning: Nios_CUTECAR: "No matching role found for rst_controller:reset_out:reset_req (reset_req)"
Warning: Nios_CUTECAR: "No matching role found for rst_controller:reset_out:reset_req (reset_req)"
Warning: Nios_CUTECAR: "No matching role found for rst_controller:reset_out:reset_req (reset_req)"
Warning: Nios_CUTECAR: "No matching role found for rst_controller:reset_out:reset_req (reset_req)"
Warning: Nios_CUTECAR: "No matching role found for rst_controller:reset_out:reset_req (reset_req)"
Warning: Nios_CUTECAR: "No matching role found for rst_controller:reset_out:reset_req (reset_req)"
Warning: Nios_CUTECAR: "No matching role found for rst_controller:reset_out:reset_req (reset_req)"
Warning: Nios_CUTECAR: "No matching role found for rst_controller:reset_out:reset_req (reset_req)"
Warning: Nios_CUTECAR: "No matching role found for rst_controller:reset_out:reset_req (reset_req)"
Warning: Nios_CUTECAR: "No matching role found for rst_controller:reset_out:reset_req (reset_req)"
Warning: Nios_CUTECAR: "No matching role found for rst_controller:reset_out:reset_req (reset_req)"
Warning: Nios_CUTECAR: "No matching role found for rst_controller:reset_out:reset_req (reset_req)"
Warning: Nios_CUTECAR: "No matching role found for rst_controller:reset_out:reset_req (reset_req)"
Warning: Nios_CUTECAR: "No matching role found for rst_controller:reset_out:reset_req (reset_req)"
Warning: Nios_CUTECAR: "No matching role found for rst_controller:reset_out:reset_req (reset_req)"
Warning: Nios_CUTECAR: "No matching role found for rst_controller:reset_out:reset_req (reset_req)"
Warning: Nios_CUTECAR: "No matching role found for rst_controller:reset_out:reset_req (reset_req)"
Warning: Nios_CUTECAR: "No matching role found for rst_controller:reset_out:reset_req (reset_req)"
Warning: Nios_CUTECAR: "No matching role found for rst_controller:reset_out:reset_req (reset_req)"
Warning: Nios_CUTECAR: "No matching role found for rst_controller:reset_out:reset_req (reset_req)"
Warning: Nios_CUTECAR: "No matching role found for rst_controller:reset_out:reset_req (reset_req)"
Warning: Nios_CUTECAR: "No matching role found for rst_controller:reset_out:reset_req (reset_req)"
Warning: Nios_CUTECAR: "No matching role found for rst_controller:reset_out:reset_req (reset_req)"
Warning: Nios_CUTECAR: "No matching role found for rst_controller:reset_out:reset_req (reset_req)"
Warning: Nios_CUTECAR: "No matching role found for rst_controller:reset_out:reset_req (reset_req)"
Warning: Nios_CUTECAR: "No matching role found for rst_controller:reset_out:reset_req (reset_req)"
Warning: Nios_CUTECAR: "No matching role found for rst_controller:reset_out:reset_req (reset_req)"
Warning: Nios_CUTECAR: "No matching role found for rst_controller:reset_out:reset_req (reset_req)"
Warning: Nios_CUTECAR: "No matching role found for rst_controller:reset_out:reset_req (reset_req)"
Warning: Nios_CUTECAR: "No matching role found for rst_controller:reset_out:reset_req (reset_req)"
Warning: Nios_CUTECAR: "No matching role found for rst_controller:reset_out:reset_req (reset_req)"
Warning: Nios_CUTECAR: "No matching role found for rst_controller:reset_out:reset_req (reset_req)"
Warning: Nios_CUTECAR: "No matching role found for rst_controller:reset_out:reset_req (reset_req)"
Warning: Nios_CUTECAR: "No matching role found for rst_controller:reset_out:reset_req (reset_req)"
Warning: Nios_CUTECAR: "No matching role found for rst_controller:reset_out:reset_req (reset_req)"
Warning: Nios_CUTECAR: "No matching role found for rst_controller:reset_out:reset_req (reset_req)"
Warning: Nios_CUTECAR: "No matching role found for rst_controller:reset_out:reset_req (reset_req)"
Warning: Nios_CUTECAR: "No matching role found for rst_controller:reset_out:reset_req (reset_req)"
Warning: Nios_CUTECAR: "No matching role found for rst_controller:reset_out:reset_req (reset_req)"
Warning: Nios_CUTECAR: "No matching role found for rst_controller:reset_out:reset_req (reset_req)"
Warning: Nios_CUTECAR: "No matching role found for rst_controller:reset_out:reset_req (reset_req)"
Warning: Nios_CUTECAR: "No matching role found for rst_controller:reset_out:reset_req (reset_req)"
Warning: Nios_CUTECAR: "No matching role found for rst_controller:reset_out:reset_req (reset_req)"
Warning: Nios_CUTECAR: "No matching role found for rst_controller:reset_out:reset_req (reset_req)"
Warning: Nios_CUTECAR: "No matching role found for rst_controller:reset_out:reset_req (reset_req)"
Warning: Nios_CUTECAR: "No matching role found for rst_controller:reset_out:reset_req (reset_req)"
Warning: Nios_CUTECAR: "No matching role found for rst_controller:reset_out:reset_req (reset_req)"
Warning: Nios_CUTECAR: "No matching role found for rst_controller:reset_out:reset_req (reset_req)"
Warning: Nios_CUTECAR: "No matching role found for rst_controller:reset_out:reset_req (reset_req)"
Warning: Nios_CUTECAR: "No matching role found for rst_controller:reset_out:reset_req (reset_req)"
Warning: Nios_CUTECAR: "No matching role found for rst_controller:reset_out:reset_req (reset_req)"
Warning: Nios_CUTECAR: "No matching role found for rst_controller:reset_out:reset_req (reset_req)"
Warning: Nios_CUTECAR: "No matching role found for rst_controller:reset_out:reset_req (reset_req)"
Warning: Nios_CUTECAR: "No matching role found for rst_controller:reset_out:reset_req (reset_req)"
Warning: Nios_CUTECAR: "No matching role found for rst_controller:reset_out:reset_req (reset_req)"
Warning: Nios_CUTECAR: "No matching role found for rst_controller:reset_out:reset_req (reset_req)"
Warning: Nios_CUTECAR: "No matching role found for rst_controller:reset_out:reset_req (reset_req)"
Warning: Nios_CUTECAR: "No matching role found for rst_controller:reset_out:reset_req (reset_req)"
Warning: Nios_CUTECAR: "No matching role found for rst_controller:reset_out:reset_req (reset_req)"
Warning: Nios_CUTECAR: "No matching role found for rst_controller:reset_out:reset_req (reset_req)"
Warning: Nios_CUTECAR: "No matching role found for rst_controller:reset_out:reset_req (reset_req)"
Warning: Nios_CUTECAR: "No matching role found for rst_controller:reset_out:reset_req (reset_req)"
Warning: Nios_CUTECAR: "No matching role found for rst_controller:reset_out:reset_req (reset_req)"
Warning: Nios_CUTECAR: "No matching role found for rst_controller:reset_out:reset_req (reset_req)"
Warning: Nios_CUTECAR: "No matching role found for rst_controller:reset_out:reset_req (reset_req)"
Warning: Nios_CUTECAR: "No matching role found for rst_controller:reset_out:reset_req (reset_req)"
Warning: Nios_CUTECAR: "No matching role found for rst_controller:reset_out:reset_req (reset_req)"
Warning: Nios_CUTECAR: "No matching role found for rst_controller:reset_out:reset_req (reset_req)"
Warning: Nios_CUTECAR: "No matching role found for rst_controller:reset_out:reset_req (reset_req)"
Warning: Nios_CUTECAR: "No matching role found for rst_controller:reset_out:reset_req (reset_req)"
Warning: Nios_CUTECAR: "No matching role found for rst_controller:reset_out:reset_req (reset_req)"
Warning: Nios_CUTECAR: "No matching role found for rst_controller:reset_out:reset_req (reset_req)"
Warning: Nios_CUTECAR: "No matching role found for rst_controller:reset_out:reset_req (reset_req)"
Warning: Nios_CUTECAR: "No matching role found for rst_controller:reset_out:reset_req (reset_req)"
Warning: Nios_CUTECAR: "No matching role found for rst_controller:reset_out:reset_req (reset_req)"
Warning: Nios_CUTECAR: "No matching role found for rst_controller:reset_out:reset_req (reset_req)"
Warning: Nios_CUTECAR: "No matching role found for rst_controller:reset_out:reset_req (reset_req)"
Warning: Nios_CUTECAR: "No matching role found for rst_controller:reset_out:reset_req (reset_req)"
Warning: Nios_CUTECAR: "No matching role found for rst_controller:reset_out:reset_req (reset_req)"
Warning: Nios_CUTECAR: "No matching role found for rst_controller:reset_out:reset_req (reset_req)"
Warning: Nios_CUTECAR: "No matching role found for rst_controller:reset_out:reset_req (reset_req)"
Warning: Nios_CUTECAR: "No matching role found for rst_controller:reset_out:reset_req (reset_req)"
Warning: Nios_CUTECAR: "No matching role found for rst_controller:reset_out:reset_req (reset_req)"
Warning: Nios_CUTECAR: "No matching role found for rst_controller:reset_out:reset_req (reset_req)"
Warning: Nios_CUTECAR: "No matching role found for rst_controller:reset_out:reset_req (reset_req)"
Warning: Nios_CUTECAR: "No matching role found for rst_controller:reset_out:reset_req (reset_req)"
Warning: Nios_CUTECAR: "No matching role found for rst_controller:reset_out:reset_req (reset_req)"
Warning: Nios_CUTECAR: "No matching role found for rst_controller:reset_out:reset_req (reset_req)"
Warning: Nios_CUTECAR: "No matching role found for rst_controller:reset_out:reset_req (reset_req)"
Warning: Nios_CUTECAR: "No matching role found for rst_controller:reset_out:reset_req (reset_req)"
Warning: Nios_CUTECAR: "No matching role found for rst_controller:reset_out:reset_req (reset_req)"
Warning: Nios_CUTECAR: "No matching role found for rst_controller:reset_out:reset_req (reset_req)"
Warning: Nios_CUTECAR: "No matching role found for rst_controller:reset_out:reset_req (reset_req)"
Warning: Nios_CUTECAR: "No matching role found for rst_controller:reset_out:reset_req (reset_req)"
Warning: Nios_CUTECAR: "No matching role found for rst_controller:reset_out:reset_req (reset_req)"
Warning: Nios_CUTECAR: "No matching role found for rst_controller:reset_out:reset_req (reset_req)"
Warning: Nios_CUTECAR: "No matching role found for rst_controller:reset_out:reset_req (reset_req)"
Warning: Nios_CUTECAR: "No matching role found for rst_controller:reset_out:reset_req (reset_req)"
Warning: Nios_CUTECAR: "No matching role found for rst_controller:reset_out:reset_req (reset_req)"
Warning: Nios_CUTECAR: "No matching role found for rst_controller:reset_out:reset_req (reset_req)"
Warning: Nios_CUTECAR: "No matching role found for rst_controller:reset_out:reset_req (reset_req)"
Warning: Nios_CUTECAR: "No matching role found for rst_controller:reset_out:reset_req (reset_req)"
Warning: Nios_CUTECAR: "No matching role found for rst_controller:reset_out:reset_req (reset_req)"
Warning: Nios_CUTECAR: "No matching role found for rst_controller:reset_out:reset_req (reset_req)"
Warning: Nios_CUTECAR: "No matching role found for rst_controller:reset_out:reset_req (reset_req)"
Warning: Nios_CUTECAR: "No matching role found for rst_controller:reset_out:reset_req (reset_req)"
Warning: Nios_CUTECAR: "No matching role found for rst_controller:reset_out:reset_req (reset_req)"
Warning: Nios_CUTECAR: "No matching role found for rst_controller:reset_out:reset_req (reset_req)"
Warning: Nios_CUTECAR: "No matching role found for rst_controller:reset_out:reset_req (reset_req)"
Warning: Nios_CUTECAR: "No matching role found for rst_controller:reset_out:reset_req (reset_req)"
Warning: Nios_CUTECAR: "No matching role found for rst_controller:reset_out:reset_req (reset_req)"
Warning: Nios_CUTECAR: "No matching role found for rst_controller:reset_out:reset_req (reset_req)"
Warning: Nios_CUTECAR: "No matching role found for rst_controller:reset_out:reset_req (reset_req)"
Warning: Nios_CUTECAR: "No matching role found for rst_controller:reset_out:reset_req (reset_req)"
Warning: Nios_CUTECAR: "No matching role found for rst_controller:reset_out:reset_req (reset_req)"
Warning: Nios_CUTECAR: "No matching role found for rst_controller:reset_out:reset_req (reset_req)"
Warning: Nios_CUTECAR: "No matching role found for rst_controller:reset_out:reset_req (reset_req)"
Warning: Nios_CUTECAR: "No matching role found for rst_controller:reset_out:reset_req (reset_req)"
Warning: Nios_CUTECAR: "No matching role found for rst_controller:reset_out:reset_req (reset_req)"
Warning: Nios_CUTECAR: "No matching role found for rst_controller:reset_out:reset_req (reset_req)"
Warning: Nios_CUTECAR: "No matching role found for rst_controller:reset_out:reset_req (reset_req)"
Warning: Nios_CUTECAR: "No matching role found for rst_controller:reset_out:reset_req (reset_req)"
Warning: Nios_CUTECAR: "No matching role found for rst_controller:reset_out:reset_req (reset_req)"
Warning: Nios_CUTECAR: "No matching role found for rst_controller:reset_out:reset_req (reset_req)"
Info: nios2_qsys_0: Starting RTL generation for module 'Nios_CUTECAR_nios2_qsys_0'
Info: nios2_qsys_0:   Generation command is [exec C:/altera/13.0sp1/quartus/../ip/altera/nios2_ip/altera_nios2/eperl.exe -I C:/altera/13.0sp1/quartus/common/ip/altera/common/perl/5.8.3 -I C:/altera/13.0sp1/quartus/sopc_builder/bin/europa -I C:/altera/13.0sp1/quartus/sopc_builder/bin/perl_lib -I C:/altera/13.0sp1/quartus/sopc_builder/bin -I C:/altera/13.0sp1/quartus/../ip/altera/nios2_ip/altera_nios2/cpu_lib -I C:/altera/13.0sp1/quartus/../ip/altera/nios2_ip/altera_nios2/nios_lib -I C:/altera/13.0sp1/quartus/../ip/altera/nios2_ip/altera_nios2 -I C:/altera/13.0sp1/quartus/../ip/altera/nios2_ip/altera_nios2 -- C:/altera/13.0sp1/quartus/../ip/altera/nios2_ip/altera_nios2/generate_rtl.epl --name=Nios_CUTECAR_nios2_qsys_0 --dir=C:/Users/mbenka1/AppData/Local/Temp/alt0551_6975210491130193807.dir/0001_nios2_qsys_0_gen/ --quartus_dir=C:/altera/13.0sp1/quartus --verilog --config=C:/Users/mbenka1/AppData/Local/Temp/alt0551_6975210491130193807.dir/0001_nios2_qsys_0_gen//Nios_CUTECAR_nios2_qsys_0_processor_configuration.pl  --do_build_sim=0    --bogus  ]
Info: nios2_qsys_0: # 2026.04.08 15:34:32 (*) Starting Nios II generation
Info: nios2_qsys_0: # 2026.04.08 15:34:32 (*)   Checking for plaintext license.
Info: nios2_qsys_0: # 2026.04.08 15:34:49 (*)   Plaintext license not found.
Info: nios2_qsys_0: # 2026.04.08 15:34:49 (*)   No license required to generate encrypted Nios II/e.
Info: nios2_qsys_0: # 2026.04.08 15:34:49 (*)   Elaborating CPU configuration settings
Info: nios2_qsys_0: # 2026.04.08 15:34:49 (*)   Creating all objects for CPU
Info: nios2_qsys_0: # 2026.04.08 15:34:50 (*)   Generating RTL from CPU objects
Info: nios2_qsys_0: # 2026.04.08 15:34:50 (*)   Creating plain-text RTL
Info: nios2_qsys_0: # 2026.04.08 15:34:52 (*) Done Nios II generation
Info: nios2_qsys_0: Done RTL generation for module 'Nios_CUTECAR_nios2_qsys_0'
Info: nios2_qsys_0: "Nios_CUTECAR" instantiated altera_nios2_qsys "nios2_qsys_0"
Info: onchip_memory: Starting RTL generation for module 'Nios_CUTECAR_onchip_memory'
Info: onchip_memory:   Generation command is [exec C:/altera/13.0sp1/quartus/bin/perl/bin/perl.exe -I C:/altera/13.0sp1/quartus/common/ip/altera/common/perl/5.8.3 -I C:/altera/13.0sp1/quartus/sopc_builder/bin/europa -I C:/altera/13.0sp1/quartus/sopc_builder/bin/perl_lib -I C:/altera/13.0sp1/quartus/sopc_builder/bin -I C:/altera/13.0sp1/quartus/../ip/altera/sopc_builder_ip/common -I C:/altera/13.0sp1/quartus/../ip/altera/sopc_builder_ip/altera_avalon_onchip_memory2 -- C:/altera/13.0sp1/quartus/../ip/altera/sopc_builder_ip/altera_avalon_onchip_memory2/generate_rtl.pl --name=Nios_CUTECAR_onchip_memory --dir=C:/Users/mbenka1/AppData/Local/Temp/alt0551_6975210491130193807.dir/0002_onchip_memory_gen/ --quartus_dir=C:/altera/13.0sp1/quartus --verilog --config=C:/Users/mbenka1/AppData/Local/Temp/alt0551_6975210491130193807.dir/0002_onchip_memory_gen//Nios_CUTECAR_onchip_memory_component_configuration.pl  --do_build_sim=0  ]
Info: onchip_memory: Done RTL generation for module 'Nios_CUTECAR_onchip_memory'
Info: onchip_memory: "Nios_CUTECAR" instantiated altera_avalon_onchip_memory2 "onchip_memory"
Info: switches: Starting RTL generation for module 'Nios_CUTECAR_switches'
Info: switches:   Generation command is [exec C:/altera/13.0sp1/quartus/bin/perl/bin/perl.exe -I C:/altera/13.0sp1/quartus/common/ip/altera/common/perl/5.8.3 -I C:/altera/13.0sp1/quartus/sopc_builder/bin/europa -I C:/altera/13.0sp1/quartus/sopc_builder/bin/perl_lib -I C:/altera/13.0sp1/quartus/sopc_builder/bin -I C:/altera/13.0sp1/quartus/../ip/altera/sopc_builder_ip/common -I C:/altera/13.0sp1/quartus/../ip/altera/sopc_builder_ip/altera_avalon_pio -- C:/altera/13.0sp1/quartus/../ip/altera/sopc_builder_ip/altera_avalon_pio/generate_rtl.pl --name=Nios_CUTECAR_switches --dir=C:/Users/mbenka1/AppData/Local/Temp/alt0551_6975210491130193807.dir/0003_switches_gen/ --quartus_dir=C:/altera/13.0sp1/quartus --verilog --config=C:/Users/mbenka1/AppData/Local/Temp/alt0551_6975210491130193807.dir/0003_switches_gen//Nios_CUTECAR_switches_component_configuration.pl  --do_build_sim=0  ]
Info: switches: Done RTL generation for module 'Nios_CUTECAR_switches'
Info: switches: "Nios_CUTECAR" instantiated altera_avalon_pio "switches"
Info: LEDs: Starting RTL generation for module 'Nios_CUTECAR_LEDs'
Info: LEDs:   Generation command is [exec C:/altera/13.0sp1/quartus/bin/perl/bin/perl.exe -I C:/altera/13.0sp1/quartus/common/ip/altera/common/perl/5.8.3 -I C:/altera/13.0sp1/quartus/sopc_builder/bin/europa -I C:/altera/13.0sp1/quartus/sopc_builder/bin/perl_lib -I C:/altera/13.0sp1/quartus/sopc_builder/bin -I C:/altera/13.0sp1/quartus/../ip/altera/sopc_builder_ip/common -I C:/altera/13.0sp1/quartus/../ip/altera/sopc_builder_ip/altera_avalon_pio -- C:/altera/13.0sp1/quartus/../ip/altera/sopc_builder_ip/altera_avalon_pio/generate_rtl.pl --name=Nios_CUTECAR_LEDs --dir=C:/Users/mbenka1/AppData/Local/Temp/alt0551_6975210491130193807.dir/0004_LEDs_gen/ --quartus_dir=C:/altera/13.0sp1/quartus --verilog --config=C:/Users/mbenka1/AppData/Local/Temp/alt0551_6975210491130193807.dir/0004_LEDs_gen//Nios_CUTECAR_LEDs_component_configuration.pl  --do_build_sim=0  ]
Info: LEDs: Done RTL generation for module 'Nios_CUTECAR_LEDs'
Info: LEDs: "Nios_CUTECAR" instantiated altera_avalon_pio "LEDs"
Info: jtag_uart: Starting RTL generation for module 'Nios_CUTECAR_jtag_uart'
Info: jtag_uart:   Generation command is [exec C:/altera/13.0sp1/quartus/bin/perl/bin/perl.exe -I C:/altera/13.0sp1/quartus/common/ip/altera/common/perl/5.8.3 -I C:/altera/13.0sp1/quartus/sopc_builder/bin/europa -I C:/altera/13.0sp1/quartus/sopc_builder/bin/perl_lib -I C:/altera/13.0sp1/quartus/sopc_builder/bin -I C:/altera/13.0sp1/quartus/../ip/altera/sopc_builder_ip/common -I C:/altera/13.0sp1/quartus/../ip/altera/sopc_builder_ip/altera_avalon_jtag_uart -- C:/altera/13.0sp1/quartus/../ip/altera/sopc_builder_ip/altera_avalon_jtag_uart/generate_rtl.pl --name=Nios_CUTECAR_jtag_uart --dir=C:/Users/mbenka1/AppData/Local/Temp/alt0551_6975210491130193807.dir/0005_jtag_uart_gen/ --quartus_dir=C:/altera/13.0sp1/quartus --verilog --config=C:/Users/mbenka1/AppData/Local/Temp/alt0551_6975210491130193807.dir/0005_jtag_uart_gen//Nios_CUTECAR_jtag_uart_component_configuration.pl  --do_build_sim=0  ]
Info: jtag_uart: Done RTL generation for module 'Nios_CUTECAR_jtag_uart'
Info: jtag_uart: "Nios_CUTECAR" instantiated altera_avalon_jtag_uart "jtag_uart"
Info: sdram: Starting RTL generation for module 'Nios_CUTECAR_sdram'
Info: sdram:   Generation command is [exec C:/altera/13.0sp1/quartus/bin/perl/bin/perl.exe -I C:/altera/13.0sp1/quartus/common/ip/altera/common/perl/5.8.3 -I C:/altera/13.0sp1/quartus/sopc_builder/bin/europa -I C:/altera/13.0sp1/quartus/sopc_builder/bin/perl_lib -I C:/altera/13.0sp1/quartus/sopc_builder/bin -I C:/altera/13.0sp1/quartus/../ip/altera/sopc_builder_ip/common -I C:/altera/13.0sp1/quartus/../ip/altera/sopc_builder_ip/altera_avalon_new_sdram_controller -- C:/altera/13.0sp1/quartus/../ip/altera/sopc_builder_ip/altera_avalon_new_sdram_controller/generate_rtl.pl --name=Nios_CUTECAR_sdram --dir=C:/Users/mbenka1/AppData/Local/Temp/alt0551_6975210491130193807.dir/0006_sdram_gen/ --quartus_dir=C:/altera/13.0sp1/quartus --verilog --config=C:/Users/mbenka1/AppData/Local/Temp/alt0551_6975210491130193807.dir/0006_sdram_gen//Nios_CUTECAR_sdram_component_configuration.pl  --do_build_sim=0  ]
Info: sdram: Done RTL generation for module 'Nios_CUTECAR_sdram'
Info: sdram: "Nios_CUTECAR" instantiated altera_avalon_new_sdram_controller "sdram"
Info: clocks: Starting Generation of Required Clocks for DE-Series Boards
Info: clocks: "Nios_CUTECAR" instantiated altera_up_clocks "clocks"
Info: sel_i: Starting RTL generation for module 'Nios_CUTECAR_sel_i'
Info: sel_i:   Generation command is [exec C:/altera/13.0sp1/quartus/bin/perl/bin/perl.exe -I C:/altera/13.0sp1/quartus/common/ip/altera/common/perl/5.8.3 -I C:/altera/13.0sp1/quartus/sopc_builder/bin/europa -I C:/altera/13.0sp1/quartus/sopc_builder/bin/perl_lib -I C:/altera/13.0sp1/quartus/sopc_builder/bin -I C:/altera/13.0sp1/quartus/../ip/altera/sopc_builder_ip/common -I C:/altera/13.0sp1/quartus/../ip/altera/sopc_builder_ip/altera_avalon_pio -- C:/altera/13.0sp1/quartus/../ip/altera/sopc_builder_ip/altera_avalon_pio/generate_rtl.pl --name=Nios_CUTECAR_sel_i --dir=C:/Users/mbenka1/AppData/Local/Temp/alt0551_6975210491130193807.dir/0008_sel_i_gen/ --quartus_dir=C:/altera/13.0sp1/quartus --verilog --config=C:/Users/mbenka1/AppData/Local/Temp/alt0551_6975210491130193807.dir/0008_sel_i_gen//Nios_CUTECAR_sel_i_component_configuration.pl  --do_build_sim=0  ]
Info: sel_i: Done RTL generation for module 'Nios_CUTECAR_sel_i'
Info: sel_i: "Nios_CUTECAR" instantiated altera_avalon_pio "sel_i"
Info: op_sel: Starting RTL generation for module 'Nios_CUTECAR_op_sel'
Info: op_sel:   Generation command is [exec C:/altera/13.0sp1/quartus/bin/perl/bin/perl.exe -I C:/altera/13.0sp1/quartus/common/ip/altera/common/perl/5.8.3 -I C:/altera/13.0sp1/quartus/sopc_builder/bin/europa -I C:/altera/13.0sp1/quartus/sopc_builder/bin/perl_lib -I C:/altera/13.0sp1/quartus/sopc_builder/bin -I C:/altera/13.0sp1/quartus/../ip/altera/sopc_builder_ip/common -I C:/altera/13.0sp1/quartus/../ip/altera/sopc_builder_ip/altera_avalon_pio -- C:/altera/13.0sp1/quartus/../ip/altera/sopc_builder_ip/altera_avalon_pio/generate_rtl.pl --name=Nios_CUTECAR_op_sel --dir=C:/Users/mbenka1/AppData/Local/Temp/alt0551_6975210491130193807.dir/0009_op_sel_gen/ --quartus_dir=C:/altera/13.0sp1/quartus --verilog --config=C:/Users/mbenka1/AppData/Local/Temp/alt0551_6975210491130193807.dir/0009_op_sel_gen//Nios_CUTECAR_op_sel_component_configuration.pl  --do_build_sim=0  ]
Info: op_sel: Done RTL generation for module 'Nios_CUTECAR_op_sel'
Info: op_sel: "Nios_CUTECAR" instantiated altera_avalon_pio "op_sel"
Info: result_r: Starting RTL generation for module 'Nios_CUTECAR_result_r'
Info: result_r:   Generation command is [exec C:/altera/13.0sp1/quartus/bin/perl/bin/perl.exe -I C:/altera/13.0sp1/quartus/common/ip/altera/common/perl/5.8.3 -I C:/altera/13.0sp1/quartus/sopc_builder/bin/europa -I C:/altera/13.0sp1/quartus/sopc_builder/bin/perl_lib -I C:/altera/13.0sp1/quartus/sopc_builder/bin -I C:/altera/13.0sp1/quartus/../ip/altera/sopc_builder_ip/common -I C:/altera/13.0sp1/quartus/../ip/altera/sopc_builder_ip/altera_avalon_pio -- C:/altera/13.0sp1/quartus/../ip/altera/sopc_builder_ip/altera_avalon_pio/generate_rtl.pl --name=Nios_CUTECAR_result_r --dir=C:/Users/mbenka1/AppData/Local/Temp/alt0551_6975210491130193807.dir/0010_result_r_gen/ --quartus_dir=C:/altera/13.0sp1/quartus --verilog --config=C:/Users/mbenka1/AppData/Local/Temp/alt0551_6975210491130193807.dir/0010_result_r_gen//Nios_CUTECAR_result_r_component_configuration.pl  --do_build_sim=0  ]
Info: result_r: Done RTL generation for module 'Nios_CUTECAR_result_r'
Info: result_r: "Nios_CUTECAR" instantiated altera_avalon_pio "result_r"
Info: valid_and_overflow: Starting RTL generation for module 'Nios_CUTECAR_valid_and_overflow'
Info: valid_and_overflow:   Generation command is [exec C:/altera/13.0sp1/quartus/bin/perl/bin/perl.exe -I C:/altera/13.0sp1/quartus/common/ip/altera/common/perl/5.8.3 -I C:/altera/13.0sp1/quartus/sopc_builder/bin/europa -I C:/altera/13.0sp1/quartus/sopc_builder/bin/perl_lib -I C:/altera/13.0sp1/quartus/sopc_builder/bin -I C:/altera/13.0sp1/quartus/../ip/altera/sopc_builder_ip/common -I C:/altera/13.0sp1/quartus/../ip/altera/sopc_builder_ip/altera_avalon_pio -- C:/altera/13.0sp1/quartus/../ip/altera/sopc_builder_ip/altera_avalon_pio/generate_rtl.pl --name=Nios_CUTECAR_valid_and_overflow --dir=C:/Users/mbenka1/AppData/Local/Temp/alt0551_6975210491130193807.dir/0011_valid_and_overflow_gen/ --quartus_dir=C:/altera/13.0sp1/quartus --verilog --config=C:/Users/mbenka1/AppData/Local/Temp/alt0551_6975210491130193807.dir/0011_valid_and_overflow_gen//Nios_CUTECAR_valid_and_overflow_component_configuration.pl  --do_build_sim=0  ]
Info: valid_and_overflow: Done RTL generation for module 'Nios_CUTECAR_valid_and_overflow'
Info: valid_and_overflow: "Nios_CUTECAR" instantiated altera_avalon_pio "valid_and_overflow"
Info: nios2_qsys_0_instruction_master_translator: "Nios_CUTECAR" instantiated altera_merlin_master_translator "nios2_qsys_0_instruction_master_translator"
Info: nios2_qsys_0_jtag_debug_module_translator: "Nios_CUTECAR" instantiated altera_merlin_slave_translator "nios2_qsys_0_jtag_debug_module_translator"
Info: nios2_qsys_0_instruction_master_translator_avalon_universal_master_0_agent: "Nios_CUTECAR" instantiated altera_merlin_master_agent "nios2_qsys_0_instruction_master_translator_avalon_universal_master_0_agent"
Info: nios2_qsys_0_jtag_debug_module_translator_avalon_universal_slave_0_agent: "Nios_CUTECAR" instantiated altera_merlin_slave_agent "nios2_qsys_0_jtag_debug_module_translator_avalon_universal_slave_0_agent"
Info: nios2_qsys_0_jtag_debug_module_translator_avalon_universal_slave_0_agent_rsp_fifo: "Nios_CUTECAR" instantiated altera_avalon_sc_fifo "nios2_qsys_0_jtag_debug_module_translator_avalon_universal_slave_0_agent_rsp_fifo"
Info: addr_router: "Nios_CUTECAR" instantiated altera_merlin_router "addr_router"
Info: addr_router_001: "Nios_CUTECAR" instantiated altera_merlin_router "addr_router_001"
Info: id_router: "Nios_CUTECAR" instantiated altera_merlin_router "id_router"
Info: id_router_002: "Nios_CUTECAR" instantiated altera_merlin_router "id_router_002"
Info: id_router_003: "Nios_CUTECAR" instantiated altera_merlin_router "id_router_003"
Info: burst_adapter: "Nios_CUTECAR" instantiated altera_merlin_burst_adapter "burst_adapter"
Info: rst_controller: "Nios_CUTECAR" instantiated altera_reset_controller "rst_controller"
Info: cmd_xbar_demux: "Nios_CUTECAR" instantiated altera_merlin_demultiplexer "cmd_xbar_demux"
Info: cmd_xbar_demux_001: "Nios_CUTECAR" instantiated altera_merlin_demultiplexer "cmd_xbar_demux_001"
Info: cmd_xbar_mux: "Nios_CUTECAR" instantiated altera_merlin_multiplexer "cmd_xbar_mux"
Info: rsp_xbar_demux: "Nios_CUTECAR" instantiated altera_merlin_demultiplexer "rsp_xbar_demux"
Info: rsp_xbar_demux_003: "Nios_CUTECAR" instantiated altera_merlin_demultiplexer "rsp_xbar_demux_003"
Info: rsp_xbar_mux: "Nios_CUTECAR" instantiated altera_merlin_multiplexer "rsp_xbar_mux"
Info: Reusing file C:/Users/mbenka1/Documents/APP5/TP_codesigne/codesign_fpga/CUTECAR/Nios_CUTECAR/synthesis/submodules/altera_merlin_arbitrator.sv
Info: rsp_xbar_mux_001: "Nios_CUTECAR" instantiated altera_merlin_multiplexer "rsp_xbar_mux_001"
Info: Reusing file C:/Users/mbenka1/Documents/APP5/TP_codesigne/codesign_fpga/CUTECAR/Nios_CUTECAR/synthesis/submodules/altera_merlin_arbitrator.sv
Info: width_adapter: "Nios_CUTECAR" instantiated altera_merlin_width_adapter "width_adapter"
Info: Reusing file C:/Users/mbenka1/Documents/APP5/TP_codesigne/codesign_fpga/CUTECAR/Nios_CUTECAR/synthesis/submodules/altera_merlin_address_alignment.sv
Info: Reusing file C:/Users/mbenka1/Documents/APP5/TP_codesigne/codesign_fpga/CUTECAR/Nios_CUTECAR/synthesis/submodules/altera_merlin_burst_uncompressor.sv
Info: irq_mapper: "Nios_CUTECAR" instantiated altera_irq_mapper "irq_mapper"
Info: Nios_CUTECAR: Done Nios_CUTECAR" with 33 modules, 219 files, 4280637 bytes
Info: ip-generate succeeded.
Info: Finished: Create HDL design files for synthesis
